Listening on port 4242!
/root/repo/js/node_modules/stripe/lib/StripeResource.js:184
              err = new StripeAuthenticationError(response.error);
                    ^

StripeAuthenticationError: Invalid API Key provided: sk_test_***********_key
    at IncomingMessage.<anonymous> (/root/repo/js/node_modules/stripe/lib/StripeResource.js:184:21)
    at Object.onceWrapper (node:events:633:28)
    at IncomingMessage.emit (node:events:531:35)
    at endReadableNT (node:internal/streams/readable:1698:12)
    at process.processTicksAndRejections (node:internal/process/task_queues:90:21) {
  type: 'StripeAuthenticationError',
  raw: {
    message: 'Invalid API Key provided: sk_test_***********_key',
    type: 'invalid_request_error',
    headers: {
      server: 'nginx',
      date: 'Fri, 05 Sep 2025 16:06:31 GMT',
      'content-type': 'application/json',
      'content-length': '125',
      connection: 'keep-alive',
      'access-control-allow-credentials': 'true',
      'access-control-allow-methods': 'GET, HEAD, PUT, PATCH, POST, DELETE',
      'access-control-allow-origin': '*',
      'access-control-expose-headers': 'Request-Id, Stripe-Manage-Version, Stripe-Should-Retry, X-Stripe-External-Auth-Required, X-Stripe-Privileged-Session-Required',
      'access-control-max-age': '300',
      'cache-control': 'no-cache, no-store',
      'content-security-policy': "base-uri 'none'; default-src 'none'; form-action 'none'; frame-ancestors 'none'; img-src 'self'; script-src 'self' 'report-sample'; style-src 'self'; worker-src 'none'; upgrade-insecure-requests; report-uri https://q.stripe.com/csp-violation?q=u9gaq8wWRe6VindpV8bvj3AIbrk_OYgq6jUvfsineeRdui6XlWWtdjZ1RvBvvUcFP1Ajq36_evRIypwh",
      vary: 'Origin',
      'www-authenticate': 'Bearer realm="Stripe"',
      'x-robots-tag': 'none',
      'x-wc': 'ABHIJ',
      'strict-transport-security': 'max-age=63072000; includeSubDomains; preload'
    },
    statusCode: 401,
    requestId: undefined
  },
  rawType: 'invalid_request_error',
  code: undefined,
  doc_url: undefined,
  param: undefined,
  detail: undefined,
  headers: {
    server: 'nginx',
    date: 'Fri, 05 Sep 2025 16:06:31 GMT',
    'content-type': 'application/json',
    'content-length': '125',
    connection: 'keep-alive',
    'access-control-allow-credentials': 'true',
    'access-control-allow-methods': 'GET, HEAD, PUT, PATCH, POST, DELETE',
    'access-control-allow-origin': '*',
    'access-control-expose-headers': 'Request-Id, Stripe-Manage-Version, Stripe-Should-Retry, X-Stripe-External-Auth-Required, X-Stripe-Privileged-Session-Required',
    'access-control-max-age': '300',
    'cache-control': 'no-cache, no-store',
    'content-security-policy': "base-uri 'none'; default-src 'none'; form-action 'none'; frame-ancestors 'none'; img-src 'self'; script-src 'self' 'report-sample'; style-src 'self'; worker-src 'none'; upgrade-insecure-requests; report-uri https://q.stripe.com/csp-violation?q=u9gaq8wWRe6VindpV8bvj3AIbrk_OYgq6jUvfsineeRdui6XlWWtdjZ1RvBvvUcFP1Ajq36_evRIypwh",
    vary: 'Origin',
    'www-authenticate': 'Bearer realm="Stripe"',
    'x-robots-tag': 'none',
    'x-wc': 'ABHIJ',
    'strict-transport-security': 'max-age=63072000; includeSubDomains; preload'
  },
  requestId: undefined,
  statusCode: 401,
  charge: undefined,
  decline_code: undefined,
  payment_intent: undefined,
  payment_method: undefined,
  payment_method_type: undefined,
  setup_intent: undefined,
  source: undefined
}

Node.js v22.19.0
